components/floor-plan-editor/CanvasEngine.tsx(2704,75): error TS2367: This comparison appears to be unintentional because the types '"single" | "double" | "sliding_pocket" | undefined' and '"sliding"' have no overlap.
